// Jest Snapshot v1, https://goo.gl/fbAQLP

exports[`Render should render component 1`] = `
<div
  aria-label="Datasource settings page basic settings"
  className="gf-form-group"
>
  <div
    className="gf-form-inline"
  >
    <div
      className="gf-form max-width-30"
    >
      <InlineField
        grow={true}
        label="Name"
        tooltip="The name is used when you select the data source in panels. The default data source is
              'preselected in new panels."
      >
        <Input
          aria-label="Data source settings page name input field"
          id="basic-settings-name"
          onChange={[Function]}
          placeholder="Name"
          required={true}
          type="text"
          value="Graphite"
        />
      </InlineField>
    </div>
    <InlineField
      label="Default"
      labelWidth={8}
    >
      <Switch
        id="basic-settings-default"
        onChange={[Function]}
        value={false}
      />
    </InlineField>
  </div>
</div>
`;
